// Jest Snapshot v1, https://goo.gl/fbAQLP

exports[`should render FormProvenance correctly 1`] = `""`;
