// Jest Snapshot v1, https://goo.gl/fbAQLP

exports[`should render RegCatalogsComponent correctly 1`] = `
<div
  className="container"
>
  <div
    className="row mb-2 mb-md-5"
    key="910244132"
  >
    <div
      className="col-12"
    >
      <div>
        <h2
          className="fdk-text-strong mb-4"
        >
          RAMSUND OG ROGNAN REVISJON
        </h2>
      </div>
      <CardGroup
        tag="div"
      >
        <FeatureToggle
          featureName="API"
          showOnlyWhenDisabled={false}
        />
      </CardGroup>
    </div>
  </div>
</div>
`;

exports[`should render RegCatalogsComponent correctly with catalogItems 1`] = `
<RegCatalogs
  catalogItems={
    Array [
      Object {
        "description": Object {},
        "id": "910244132",
        "publisher": Object {
          "name": "RAMSUND OG ROGNAN REVISJON",
          "uri": "http://data.brreg.no/enhetsregisteret/enhet/910244132",
        },
        "title": Object {
          "nb": "Datakatalog for RAMSUND OG ROGNAN REVISJON",
        },
        "uri": "http://brreg.no/catalogs/910244132",
      },
    ]
  }
  fetchCatalogsIfNeeded={[Function]}
  fetchDatasetsIfNeeded={[Function]}
  isFetching={false}
/>
`;
