// Jest Snapshot v1, https://goo.gl/fbAQLP

exports[`should render DatasetDetailsPage correctly with datasetItem 1`] = `
<div
  className="container"
>
  <div
    className="row"
  >
    <div
      className="col-lg-8 offset-lg-2"
      id="content"
      role="main"
    >
      <article>
        <SideEffect(DocumentMeta)
          description="Datasettet avgrenser område for virkeområdet til lov 6. juni 2009 nr. 35 om naturområder i Oslo og nærliggende kommuner (markaloven) som trådte i kraft 1. september 2009. Markalovens virkeområde er fastsatt i forskrift 4. september 2015 nr. 1032 om justering av markagrensen fastlegger markalovens geografiske virkeområde med tilhørende kart."
          title="AAMarkagrensen Oslo Kommune og nærliggende kommuner"
        />
        <DatasetDescription
          description="Datasettet avgrenser område for virkeområdet til lov 6. juni 2009 nr. 35 om naturområder i Oslo og nærliggende kommuner (markaloven) som trådte i kraft 1. september 2009. Markalovens virkeområde er fastsatt i forskrift 4. september 2015 nr. 1032 om justering av markagrensen fastlegger markalovens geografiske virkeområde med tilhørende kart."
          descriptionFormatted={null}
          harvest={null}
          objective="Datasettes formål er nullam quis rius eget urna mollis ornare vel eu leo. Praesent commodo cursus magna, vel scelerisque nisl consectetur et. Cras mattis consectetur purus sit amet fermentum. Vestibulum id ligula porta felis euismod semper."
          provenance={
            Object {
              "code": "vedtak",
              "prefLabel": Object {
                "nb": "Vedtak",
              },
              "uri": "http://data.brreg.no/datakatalog/provenance/vedtak",
            }
          }
          publisher={
            Object {
              "id": "987654321",
              "name": "TESTETATEN",
              "uri": "http://data.brreg.no/enhetsregisteret/enhet/987654321",
            }
          }
          themes={
            Array [
              Object {
                "title": Object {
                  "nb": "Forvaltning og offentlig støtte",
                },
                "uri": "http://publications.europa.eu/resource/authority/data-theme/GOVE",
              },
              Object {
                "title": Object {
                  "nb": "Miljø",
                },
                "uri": "http://publications.europa.eu/resource/authority/data-theme/ENVI",
              },
            ]
          }
          title="AAMarkagrensen Oslo Kommune og nærliggende kommuner"
        />
        <DatasetKeyInfo
          accessRights={
            Object {
              "code": "NON_PUBLIC",
              "prefLabel": Object {
                "nb": "Begrenset",
              },
              "uri": "http://publications.europa.eu/resource/authority/access-right/NON_PUBLIC",
            }
          }
          conformsTo={
            Array [
              Object {
                "extraType": "dct:Standard",
                "prefLabel": Object {
                  "nb": "SOSI",
                },
                "uri": "https://www.kartverket.no/geodataarbeid/standarder/sosi/",
              },
            ]
          }
          informationModel={
            Array [
              Object {
                "prefLabel": Object {
                  "nb": "SKOS",
                },
                "uri": "https://www.w3.org/2004/02/skos/",
              },
            ]
          }
          legalBasisForAccess={
            Array [
              Object {
                "prefLabel": Object {
                  "nb": "Den siste loven med den lengste tittelen § 10",
                },
                "uri": "http://lovdata/paragraph/10",
              },
            ]
          }
          legalBasisForProcessing={
            Array [
              Object {
                "prefLabel": Object {
                  "nb": "Den andre loven med lenger tittel § 2",
                },
                "uri": "http://lovdata/paragraph/2",
              },
            ]
          }
          legalBasisForRestriction={
            Array [
              Object {
                "prefLabel": Object {
                  "nb": "Lov om arkiv [arkivlova]",
                },
                "uri": "https://lovdata.no/dokument/NL/lov/1992-12-04-126",
              },
              Object {
                "prefLabel": Object {
                  "nb": "Den spesifikke loven § 20",
                },
                "uri": "http://lovdata/paragraph/20",
              },
              Object {
                "prefLabel": Object {
                  "nb": "Den mindre spesifikke loven § 26",
                },
                "uri": "http://lovdata/paragraph/26",
              },
            ]
          }
          type="Kodeliste"
        />
        <DatasetDistribution
          accessUrl={
            Array [
              "http://www.detteerenlenke.no/til-nedlasting",
              "http://www.detteerenannenlenke.no/til-en-annen-nedlasting
",
              "http://www.detteerentredjelenke.no/til-en-tredje-nedlasting",
            ]
          }
          code="NON_PUBLIC"
          conformsTo={null}
          description="Dette er beskrivelsen av distribusjonen. Vivamus sagittis lacus vel augue laoreet rutrum faucibus dolor auctor. Vestibulum id ligula porta felis euismod semper con desbit arum. Se dokumentasjon for denne distribusjonen."
          distributionTypeItems={null}
          format={null}
          key="http%3A%2F%2Fbrreg.no%2Fcatalogs%2F987654321%2Fdatasets%2F3645d5a8-6689-4fc1-8684-d3d6c2d47386%2Fdistributions%2F96d63bba-e624-4f39-ad26-26b8c6a68880"
          license={
            Object {
              "extraType": "dct:Standard",
              "prefLabel": Object {
                "nb": "SOSI",
              },
              "uri": "https://www.kartverket.no/geodataarbeid/standarder/sosi/",
            }
          }
          page={
            Array [
              Object {
                "prefLabel": Object {
                  "nb": "Dokumentasjon av distribusjonen",
                },
                "uri": "http://lenke/til/mer/info",
              },
            ]
          }
          title="Distribution"
          type={null}
        />
        <DatasetDistribution
          accessUrl={
            Array [
              "http://www.detteerenlenke.no/til-nedlasting",
              "http://www.detteerenannenlenke.no/til-en-annen-nedlasting
",
              "http://www.detteerentredjelenke.no/til-en-tredje-nedlasting",
            ]
          }
          code="NON_PUBLIC"
          conformsTo={null}
          description="Dette er beskrivelsen av distribusjonen. Vivamus sagittis lacus vel augue laoreet rutrum faucibus dolor auctor. Vestibulum id ligula porta felis euismod semper con desbit arum. Se dokumentasjon for denne distribusjonen."
          distributionTypeItems={null}
          format={null}
          key="http%3A%2F%2Fbrreg.no%2Fcatalogs%2F987654321%2Fdatasets%2F3645d5a8-6689-4fc1-8684-d3d6c2d47386%2Fdistributions%2F96d63bba-e624-4f39-ad26-26b8c6a68880"
          license={
            Object {
              "extraType": "dct:Standard",
              "uri": "http://data.norge.no/nlod",
            }
          }
          page={
            Array [
              Object {
                "prefLabel": Object {
                  "nb": "Dokumentasjon av distribusjonen",
                },
                "uri": "http://lenke/til/mer/info",
              },
            ]
          }
          title="Distribution"
          type={null}
        />
        <DatasetDistribution
          accessUrl={
            Array [
              "http://www.detteerenlenke.no/til-nedlasting",
            ]
          }
          code="SAMPLE"
          conformsTo={null}
          description="Dette er beskrivelsen av eksempeldataene. Vivamus sagittis lacus vel augue laoreet rutrum faucibus dolor auctor."
          distributionTypeItems={null}
          format={
            Array [
              "application/rdf+xml",
            ]
          }
          key="http%3A%2F%2Fbrreg.no%2Fcatalogs%2F987654321%2Fdatasets%2F3645d5a8-6689-4fc1-8684-d3d6c2d47386%2Fdistributions%2F95a6b5e5-753c-4bc3-a421-2671c8f6a7bb"
          license={null}
          page={null}
          title="Sample data"
          type={null}
        />
        <DatasetInfo
          accrualPeriodicity="årlig"
          hasCurrentnessAnnotation="Denne teksten sier noe om aktualiteten. Lorem ipsum dolor sit amet, consectetur adipiscing elit. Cras mattis consectetur purus sit amet fermentum. Cum sociis natoque penatibus et magnis dis parturient montes, nascetur ridiculus mus."
          issued="2018-04-26T00:00:00+0200"
          language={
            Array [
              Object {
                "code": "NOR",
                "prefLabel": Object {
                  "nb": "Norsk",
                },
                "uri": "http://publications.europa.eu/resource/authority/language/NOR",
              },
            ]
          }
          modified="2018-04-26T00:00:00+0200"
          provenance="Vedtak"
          references={
            Array [
              Object {
                "referenceType": Object {
                  "code": "hasVersion",
                  "prefLabel": Object {
                    "nb": "Har versjon",
                  },
                  "uri": "http://www.w3.org/2002/07/hasVersion",
                },
                "source": Object {
                  "contactPoint": Array [],
                  "description": Object {},
                  "legalBasisForAccess": Array [],
                  "legalBasisForProcessing": Array [],
                  "legalBasisForRestriction": Array [],
                  "registrationStatus": "DRAFT",
                  "title": Object {
                    "nb": "The first one",
                  },
                  "uri": "http://referenced/dataset",
                },
              },
            ]
          }
          spatial={
            Array [
              Object {
                "prefLabel": Object {
                  "nb": "Asker",
                },
                "uri": "http://www.geonames.org/3162656/asker.html",
              },
              Object {
                "prefLabel": Object {
                  "nb": "Bærum",
                },
                "uri": "http://www.geonames.org/3162212/baerum.html",
              },
              Object {
                "prefLabel": Object {
                  "nb": "Hurum",
                },
                "uri": "http://www.geonames.org/3151404/hurum.html",
              },
              Object {
                "prefLabel": Object {
                  "nb": "Røyken",
                },
                "uri": "http://www.geonames.org/3141104/royken.html",
              },
            ]
          }
          temporal={Array []}
        />
        <DatasetQuality
          accuracyAnnotation="Denne teksten sier noe om nøyaktigheten. Cras mattis consectetur purus sit."
          availabilityAnnotations={null}
          completenessAnnotation="Denne teksten sier noe om komplettheten. Lorem ipsum dolor sit amet, consectetur adipiscing elit. Cras mattis consectetur purus sit amet fermentum."
          relevanceAnnotation="Denne teksten sier noe om relevansen. Lorem ipsum dolor sit amet, consectetur adipiscing elit. Cras mattis consectetur purus sit amet fermentum. Cum sociis natoque penatibus et magnis dis parturient montes."
        />
        <DatasetBegrep
          keyword={
            Array [
              Object {
                "nb": "Bestemmelse",
              },
              Object {
                "nb": "jord",
              },
              Object {
                "nb": "regulering",
              },
              Object {
                "nb": "statlig bestemmelse",
              },
            ]
          }
          subject={
            Array [
              Object {
                "definition": Object {
                  "no": "alt som er registrert med et organisasjonsnummer ",
                },
                "note": Object {
                  "no": "Alle hovedenheter, underenheter og organisasjonsledd som er identifisert med et organisasjonsnummer.",
                },
                "prefLabel": Object {
                  "no": "enhet",
                },
                "source": "https://jira.brreg.no/browse/BEGREP-208",
                "uri": "https://data-david.github.io/Begrep/begrep/Enhet",
              },
            ]
          }
        />
        <section
          className="mt-5"
        >
          <DatasetLandingPage
            key="dataset-contactpoint-undefined"
            landingPage="http://testetaten.no/landingsside/nr1"
          />
          <DatasetContactInfo
            contactPoint={
              Object {
                "email": "digitalisering@kartverket.no",
                "hasTelephone": "22306022",
                "hasURL": "http://testetaten.no/url",
                "id": "3c50088c-489f-4168-95e6-e6f3cd0c67c5",
                "organizationUnit": "Avdeling for digitalisering",
                "uri": "http://brreg.no/catalogs/987654321/contacts/null",
              }
            }
            key="0"
            landingPage={
              Array [
                "http://testetaten.no/landingsside/nr1",
              ]
            }
          />
        </section>
      </article>
    </div>
  </div>
</div>
`;

exports[`should render DatasetDetailsPage correctly with no datasetItem 1`] = `""`;
