// Jest Snapshot v1, https://goo.gl/fbAQLP

exports[`should render CompareTermModalContent correctly 1`] = `
<div>
  <div
    className="row"
  >
    <div
      className="6"
      key="title-0https://data-david.github.io/Begrep/begrep/Enhet"
    >
      <h3>
        Enhet
      </h3>
      <h5>
        Brønnøysundregistrene
      </h5>
    </div>
    <div
      className="6"
      key="title-1https://data-david.github.io/Begrep/begrep/Organisasjonsnummer"
    >
      <h3>
        Organisasjonsnummer
      </h3>
      <h5 />
    </div>
  </div>
  <hr />
  <div
    className="row"
  >
    <div
      className="6"
      key="definition-0https://data-david.github.io/Begrep/begrep/Enhet"
    >
      <h5>
        Definition
      </h5>
      <p>
        Alt som er registrert med et organisasjonsnummer 
      </p>
    </div>
    <div
      className="6"
      key="definition-1https://data-david.github.io/Begrep/begrep/Organisasjonsnummer"
    >
      <h5>
        Definition
      </h5>
      <p>
        Et nisifret nummer som tildeles av Enhetsregisteret for en organisasjon som skal operere som en offentlig aktør
      </p>
    </div>
  </div>
  <hr />
  <div
    className="row"
  >
    <div
      className="6"
      key="inScheme-0undefined"
    >
      <h5>
        Domain / application
      </h5>
      <p>
        Befolkning.
      </p>
    </div>
    <div
      className="6"
      key="inScheme-1undefined"
    >
      <h5>
        Domain / application
      </h5>
      <p />
    </div>
  </div>
  <hr />
  <div
    className="row"
  >
    <div
      className="6"
      key="source-0https://data-david.github.io/Begrep/begrep/Enhet"
    >
      <h5>
        Source
      </h5>
      <p>
        <a
          href="https://jira.brreg.no/browse/BEGREP-208"
        >
          https://jira.brreg.no/browse/BEGREP-208
           
          <i
            className="fa fa-external-link"
          />
        </a>
      </p>
    </div>
    <div
      className="6"
      key="source-1https://data-david.github.io/Begrep/begrep/Organisasjonsnummer"
    >
      <h5>
        Source
      </h5>
      <p />
    </div>
  </div>
  <hr />
  <div
    className="row"
  >
    <div
      className="6"
      key="note-0https://data-david.github.io/Begrep/begrep/Enhet"
    >
      <h5>
        Description
      </h5>
      <p>
        Alle hovedenheter, underenheter og organisasjonsledd som er identifisert med et organisasjonsnummer.
      </p>
    </div>
    <div
      className="6"
      key="note-1https://data-david.github.io/Begrep/begrep/Organisasjonsnummer"
    >
      <h5>
        Description
      </h5>
      <p />
    </div>
  </div>
  <hr />
  <div
    className="row"
  >
    <div
      className="6"
      key="altLabel-0undefined"
    >
      <h5>
        Also known as:
      </h5>
      <p />
    </div>
    <div
      className="6"
      key="altLabel-1undefined"
    >
      <h5>
        Also known as:
      </h5>
      <p>
        Orgid, Orgnr.
      </p>
    </div>
  </div>
</div>
`;
