// Jest Snapshot v1, https://goo.gl/fbAQLP

exports[`should render DatasetKeyInfo correctly 1`] = `
<section>
  <ListRegular
    bottomMargin={true}
    title="Use of dataset"
  >
    <div
      className="d-flex list-regular--item"
    >
      <div
        className="col-4 pl-0 fdk-text-strong"
      >
        Accesslevel
      </div>
      <div
        className="col-8"
      >
        <i
          className="fa fdk-fa-left fdk-color-offentlig fa-unlock"
        />
        Dataset is public
      </div>
    </div>
  </ListRegular>
</section>
`;

exports[`should render DatasetKeyInfo correctly with no props 1`] = `<section />`;
