// Jest Snapshot v1, https://goo.gl/fbAQLP

exports[`should render CompareTerms correctly 1`] = `
<div
  className="fdk-container p-3"
>
  <button
    className="float-right fdk-button-small"
    onClick={[Function]}
  >
    <i
      className="fa fa-times"
    />
    Â 
    Remove
  </button>
  <h4
    className="clearfix"
  >
    Preflabel 1
  </h4>
  <div>
    Creator 1
  </div>
</div>
`;
