// Jest Snapshot v1, https://goo.gl/fbAQLP

exports[`should render DatasetsListPage correctly 1`] = `
<div
  className="container"
>
  <div
    className="row"
  >
    <div
      className="col-12"
    />
  </div>
  <div
    className="row mb-2 mb-md-5"
  />
</div>
`;
