// Jest Snapshot v1, https://goo.gl/fbAQLP

exports[`should render InputTagsField correctly 1`] = `
<div
  className="pl-2"
>
  <label
    className="fdk-form-label w-100"
    htmlFor="input"
  >
    label
    <TagsInput
      addKeys={
        Array [
          9,
          13,
        ]
      }
      addOnBlur={false}
      addOnPaste={false}
      className="fdk-reg-input-tags"
      disabled={false}
      focusedClassName="react-tagsinput--focused"
      inputProps={
        Object {
          "placeholder": "",
        }
      }
      maxTags={-1}
      name="input"
      onChange={[Function]}
      onlyUnique={false}
      pasteSplit={[Function]}
      preventSubmit={true}
      removeKeys={
        Array [
          8,
        ]
      }
      renderInput={[Function]}
      renderLayout={[Function]}
      renderTag={[Function]}
      tagDisplayProp={null}
      tagProps={
        Object {
          "className": "react-tagsinput-tag",
          "classNameRemove": "react-tagsinput-remove",
        }
      }
      validationRegex={/\\.\\*/}
      value="Datakatalog for RAMSUND OG ROGNAN REVISJON"
    />
    <i
      className="fa fa-check-circle fa-lg ml-2 invisible"
    />
  </label>
</div>
`;
