// Jest Snapshot v1, https://goo.gl/fbAQLP

exports[`should render CatalogItem correctly with itemsCount set to 10 1`] = `
<div
  className="col-md-4 pl-0"
>
  <Link
    className="catalog-item"
    replace={false}
    to="/catalogs/123/datasets"
  >
    <div
      className="catalog-item__body d-flex flex-column align-items-center"
    >
      <h3
        className="catalog-icon catalog-icon--dataset"
      >
        Datasettkatalog
      </h3>
      <span
        className="fdk-text-size-small fdk-color-dark-2"
      >
        10
         
        datasett
      </span>
    </div>
  </Link>
</div>
`;

exports[`should render CatalogItem correctly with missing itemsCount 1`] = `
<div
  className="col-md-4 pl-0"
>
  <Link
    className="catalog-item"
    replace={false}
    to="/catalogs/123/datasets"
  >
    <div
      className="catalog-item__body d-flex flex-column align-items-center"
    >
      <h3
        className="catalog-icon catalog-icon--dataset"
      >
        Datasettkatalog
      </h3>
    </div>
  </Link>
</div>
`;
