// Jest Snapshot v1, https://goo.gl/fbAQLP

exports[`should render DatasetItemsListItem correctly 1`] = `
<div
  className="fdk-datasets-list-item d-flex"
>
  <Link
    className="w-100"
    replace={false}
    to="/catalogs/123/datasets/084f747f-04a9-460e-b07e-ee74c60a2086"
  >
    <div
      className="d-flex justify-content-between"
    >
      <span
        className="w-75 fdk-text-size-small"
      >
        test ois
      </span>
      <span
        className="d-flex w-25"
      >
        <span>
          <i
            className="fa fa-circle fdk-color-cta mr-2"
          />
          <span>
            Publisert
          </span>
        </span>
      </span>
    </div>
  </Link>
</div>
`;
