// Jest Snapshot v1, https://goo.gl/fbAQLP

exports[`should render RadioField correctly 1`] = `
<label
  className="form-check fdk-form-check mb-0"
  htmlFor=""
>
  <input
    className="form-check-input"
    id=""
    type="radio"
  />
  <span
    className="form-check-label fdk-form-check-label"
  />
</label>
`;
