// Jest Snapshot v1, https://goo.gl/fbAQLP

exports[`should render SelectField correctly 1`] = `
<div
  className="pl-2 mt-3"
>
  <Select
    arrowRenderer={[Function]}
    autosize={true}
    backspaceRemoves={true}
    backspaceToRemoveMessage="Press backspace to remove {label}"
    clearAllText="Clear all"
    clearRenderer={[Function]}
    clearValueText="Clear value"
    clearable={true}
    closeOnSelect={true}
    deleteRemoves={true}
    delimiter=","
    disabled={false}
    escapeClearsValue={true}
    filterOptions={[Function]}
    id="frequency-select"
    ignoreAccents={true}
    ignoreCase={true}
    inputProps={Object {}}
    isLoading={false}
    joinValues={false}
    labelKey="prefLabel_no"
    matchPos="any"
    matchProp="any"
    menuBuffer={0}
    menuRenderer={[Function]}
    multi={false}
    name="selected-state"
    noResultsText="No results found"
    onBlurResetsInput={true}
    onChange={[Function]}
    onCloseResetsInput={true}
    onSelectResetsInput={true}
    openOnClick={true}
    optionComponent={[Function]}
    options={
      Array [
        Object {
          "uri": "http://publications.europa.eu/resource/authority/frequency",
        },
        Object {
          "code": "ANNUAL",
          "prefLabel_no": "årlig",
          "uri": "http://publications.europa.eu/resource/authority/frequency/ANNUAL",
        },
        Object {
          "code": "ANNUAL_2",
          "prefLabel_no": "halvårlig",
          "uri": "http://publications.europa.eu/resource/authority/frequency/ANNUAL_2",
        },
        Object {
          "code": "ANNUAL_3",
          "prefLabel_no": "tre ganger per år",
          "uri": "http://publications.europa.eu/resource/authority/frequency/ANNUAL_3",
        },
        Object {
          "code": "BIENNIAL",
          "prefLabel_no": "annethvert år",
          "uri": "http://publications.europa.eu/resource/authority/frequency/BIENNIAL",
        },
        Object {
          "code": "BIMONTHLY",
          "prefLabel_no": "annenhver måned",
          "uri": "http://publications.europa.eu/resource/authority/frequency/BIMONTHLY",
        },
        Object {
          "code": "BIWEEKLY",
          "prefLabel_no": "hver fjortende dag",
          "uri": "http://publications.europa.eu/resource/authority/frequency/BIWEEKLY",
        },
        Object {
          "code": "CONT",
          "prefLabel_no": "kontinuerlig",
          "uri": "http://publications.europa.eu/resource/authority/frequency/CONT",
        },
        Object {
          "code": "DAILY",
          "prefLabel_no": "daglig",
          "uri": "http://publications.europa.eu/resource/authority/frequency/DAILY",
        },
        Object {
          "code": "DAILY_2",
          "prefLabel_no": "to ganger per dag",
          "uri": "http://publications.europa.eu/resource/authority/frequency/DAILY_2",
        },
        Object {
          "code": "IRREG",
          "prefLabel_no": "uregelmessig",
          "uri": "http://publications.europa.eu/resource/authority/frequency/IRREG",
        },
        Object {
          "code": "MONTHLY",
          "prefLabel_no": "månedlig",
          "uri": "http://publications.europa.eu/resource/authority/frequency/MONTHLY",
        },
        Object {
          "code": "MONTHLY_2",
          "prefLabel_no": "to ganger i måneden",
          "uri": "http://publications.europa.eu/resource/authority/frequency/MONTHLY_2",
        },
        Object {
          "code": "MONTHLY_3",
          "prefLabel_no": "tre ganger i måneden",
          "uri": "http://publications.europa.eu/resource/authority/frequency/MONTHLY_3",
        },
        Object {
          "code": "NEVER",
          "prefLabel_no": "aldri",
          "uri": "http://publications.europa.eu/resource/authority/frequency/NEVER",
        },
        Object {
          "uri": "http://publications.europa.eu/resource/authority/frequency/OP_DATPRO",
        },
        Object {
          "code": "OTHER",
          "prefLabel_no": "annet",
          "uri": "http://publications.europa.eu/resource/authority/frequency/OTHER",
        },
        Object {
          "code": "QUARTERLY",
          "prefLabel_no": "kvartalsvis",
          "uri": "http://publications.europa.eu/resource/authority/frequency/QUARTERLY",
        },
        Object {
          "code": "TRIENNIAL",
          "prefLabel_no": "hvert tredje år",
          "uri": "http://publications.europa.eu/resource/authority/frequency/TRIENNIAL",
        },
        Object {
          "code": "UNKNOWN",
          "prefLabel_no": "ukjent",
          "uri": "http://publications.europa.eu/resource/authority/frequency/UNKNOWN",
        },
        Object {
          "code": "UPDATE_CONT",
          "prefLabel_no": "kontinuerlig oppdatert",
          "uri": "http://publications.europa.eu/resource/authority/frequency/UPDATE_CONT",
        },
        Object {
          "code": "WEEKLY",
          "prefLabel_no": "ukentlig",
          "uri": "http://publications.europa.eu/resource/authority/frequency/WEEKLY",
        },
        Object {
          "code": "WEEKLY_2",
          "prefLabel_no": "to ganger i uken",
          "uri": "http://publications.europa.eu/resource/authority/frequency/WEEKLY_2",
        },
        Object {
          "code": "WEEKLY_3",
          "prefLabel_no": "tre ganger i uken",
          "uri": "http://publications.europa.eu/resource/authority/frequency/WEEKLY_3",
        },
      ]
    }
    pageSize={5}
    placeholder="Velg"
    removeSelected={true}
    required={false}
    rtl={false}
    scrollMenuIntoView={true}
    searchable={true}
    simpleValue={true}
    tabSelectsValue={true}
    trimFilter={true}
    valueComponent={[Function]}
    valueKey="uri"
  />
</div>
`;
